will try to read LP file atlpfile.lpnow solving LP
variables = 21
constraints = 10
Optimal objective = -11.0791
21 nonzero variables in solution
x0 = 1.0
x1 = -1.0
x2 = -1.0
x3 = -1.0
x4 = -1.0
x5 = -1.0
x6 = 0.0783702018183
x7 = -0.143488481949
x8 = 1.0
x9 = -1.0
x10 = -0.266308504229
x11 = -1.0
x12 = 0.375438490077
x13 = -1.0
x14 = 1.0
x15 = 0.906962703679
x16 = 1.0
x17 = 0.381977058251
x18 = -1.0
x19 = 0.661428389946
x20 = -1.0
bye.
